// Jest Snapshot v1, https://goo.gl/fbAQLP

exports[`renders without crashing 1`] = `
<View
  style={
    Object {
      "backgroundColor": "#cc3132",
      "flex": 1,
    }
  }
>
  <View
    style={
      Object {
        "marginLeft": 8,
      }
    }
  >
    <Text
      accessible={true}
      allowFontScaling={true}
      ellipsizeMode="tail"
      style={
        Object {
          "color": "white",
          "fontWeight": "bold",
        }
      }
    >
      Ups! we have a error in : 
      ERROR MESSAGE
       
    </Text>
  </View>
</View>
`;
