// Jest Snapshot v1, https://goo.gl/fbAQLP

exports[`renders without crashing 1`] = `
ReactShallowRenderer {
  "_context": Object {
    "store": undefined,
    "storeSubscription": undefined,
  },
  "_element": <Connect(SettingsScreen)
    store={
      Object {
        "dispatch": [Function],
        "getState": [Function],
        "replaceReducer": [Function],
        "subscribe": [Function],
        Symbol(observable): [Function],
      }
    }
  />,
  "_forcedUpdate": false,
  "_instance": Connect {
    "context": Object {
      "store": undefined,
      "storeSubscription": undefined,
    },
    "notifyNestedSubs": [Function],
    "props": Object {
      "store": Object {
        "dispatch": [Function],
        "getState": [Function],
        "replaceReducer": [Function],
        "subscribe": [Function],
        Symbol(observable): [Function],
      },
    },
    "propsMode": true,
    "refs": Object {},
    "renderCount": 0,
    "selector": Object {
      "error": null,
      "props": Object {
        "SettingsChanged": [Function],
        "settings": Object {
          "defaultInfo": false,
          "following": false,
          "verified": false,
          "withLink": false,
          "withTruncatedText": false,
        },
        "store": Object {
          "dispatch": [Function],
          "getState": [Function],
          "replaceReducer": [Function],
          "subscribe": [Function],
          Symbol(observable): [Function],
        },
      },
      "run": [Function],
      "shouldComponentUpdate": false,
    },
    "setWrappedInstance": [Function],
    "state": Object {},
    "store": Object {
      "dispatch": [Function],
      "getState": [Function],
      "replaceReducer": [Function],
      "subscribe": [Function],
      Symbol(observable): [Function],
    },
    "subscription": Subscription {
      "listeners": Object {
        "notify": [Function],
      },
      "onStateChange": [Function],
      "parentSub": undefined,
      "store": Object {
        "dispatch": [Function],
        "getState": [Function],
        "replaceReducer": [Function],
        "subscribe": [Function],
        Symbol(observable): [Function],
      },
      "unsubscribe": null,
    },
    "updater": Updater {
      "_callbacks": Array [],
      "_renderer": [Circular],
    },
    "version": 0,
  },
  "_newState": null,
  "_rendered": <SettingsScreen
    SettingsChanged={[Function]}
    settings={
      Object {
        "defaultInfo": false,
        "following": false,
        "verified": false,
        "withLink": false,
        "withTruncatedText": false,
      }
    }
    store={
      Object {
        "dispatch": [Function],
        "getState": [Function],
        "replaceReducer": [Function],
        "subscribe": [Function],
        Symbol(observable): [Function],
      }
    }
    storeSubscription={
      Subscription {
        "listeners": Object {
          "notify": [Function],
        },
        "onStateChange": [Function],
        "parentSub": undefined,
        "store": Object {
          "dispatch": [Function],
          "getState": [Function],
          "replaceReducer": [Function],
          "subscribe": [Function],
          Symbol(observable): [Function],
        },
        "unsubscribe": null,
      }
    }
  />,
  "_rendering": false,
  "_updater": Updater {
    "_callbacks": Array [],
    "_renderer": [Circular],
  },
}
`;
